Testing MCP server components...
Initialization success: True
Available prompts count: 5
Available prompts: ['essay_prompt', 'email_prompt', 'technical_prompt', 'creative_prompt', 'test_prompt']

Prompt: essay_prompt
  Version: 9
  Template preview: 
        Write a well-structured essay on {{ topic }} that includes:
        - A compelling introduc...

Prompt: email_prompt
  Version: 9
  Template preview: 
        Write a {{ formality }} email to my {{ recipient_type }} about {{ topic }} that includes:
 ...

Prompt: technical_prompt
  Version: 9
  Template preview: 
        Provide a clear technical explanation of {{ topic }} for a {{ audience }} audience that:
  ...

Prompt: creative_prompt
  Version: 9
  Template preview: 
        Write a creative {{ genre }} about {{ topic }} that:
        - Uses vivid sensory details a...

Prompt: test_prompt
  Version: 1
  Template preview: Hello {{name}}\!...